XRLT_STATUS_SUBREQUEST
sr id: 1
sr method: GET
sr type: JSON
sr url: /test/href/1
sr query: (null)
sr body: (null)
XRLT_STATUS_REFUSE_SUBREQUEST
XRLT_STATUS_SUBREQUEST
sr id: 2
sr method: GET
sr type: TEXT
sr url: /test/href/2
sr query: (null)
sr body: (null)
XRLT_STATUS_SUBREQUEST
sr id: 3
sr method: GET
sr type: XML
sr url: /test/href/3
sr query: (null)
sr body: (null)
XRLT_STATUS_CHUNK
chunk: aaaa
XRLT_STATUS_WAITING
XRLT_STATUS_REFUSE_SUBREQUEST
XRLT_STATUS_CHUNK
chunk: bbbb
XRLT_STATUS_WAITING
XRLT_STATUS_REFUSE_SUBREQUEST
XRLT_STATUS_CHUNK
chunk: cccc
XRLT_STATUS_DONE
