XRLT_STATUS_WAITING
XRLT_STATUS_CHUNK
chunk: |
XRLT_STATUS_CHUNK
chunk: world-world
chunk: |
XRLT_STATUS_DONE
