XRLT_STATUS_WAITING
XRLT_STATUS_WAITING
XRLT_STATUS_SUBREQUEST
sr id: 1
sr method: GET
sr type: TEXT
sr url: /qtype
sr query: (null)
sr body: (null)
XRLT_STATUS_WAITING
XRLT_STATUS_WAITING
XRLT_STATUS_CHUNK
chunk: hello world|hello world|hello world
XRLT_STATUS_DONE
