XRLT_STATUS_WAITING
XRLT_STATUS_WAITING
XRLT_STATUS_WAITING
XRLT_STATUS_WAITING
XRLT_STATUS_WAITING
XRLT_STATUS_WAITING
XRLT_STATUS_WAITING
XRLT_STATUS_SUBREQUEST
sr id: 1
sr method: GET
sr type: JSON
sr url: /btype
sr query: (null)
sr body: (null)
XRLT_STATUS_WAITING
XRLT_STATUS_WAITING
XRLT_STATUS_WAITING
XRLT_STATUS_CHUNK
chunk: FFF
chunk: |
chunk: DDD
chunk: |
XRLT_STATUS_CHUNK
chunk: 123456123456
XRLT_STATUS_DONE
