<?xml version="1.0"?>
<root><hello>wo rld</hello><this>is</this><this>IS</this><very>co ol</very><blah/>he<hi/>ha</root>
