<?xml version="1.0"?>
<root>
  <ololo>&#x436;&#x43E;&#x43F;&#x430;</ololo>
</root>
