XRLT_STATUS_CHUNK
chunk: ["yoyoyo", "yaya", 123, {"a": "aaa", "b": "\"b\\b'b", "c": "ccc"}, "piu-piu"]
XRLT_STATUS_DONE
