XRLT_STATUS_CHUNK
chunk: hello
chunk: |
chunk: yo
XRLT_STATUS_DONE
