XRLT_STATUS_WAITING
XRLT_STATUS_WAITING
XRLT_STATUS_WAITING
XRLT_STATUS_WAITING
XRLT_STATUS_WAITING
XRLT_STATUS_WAITING
XRLT_STATUS_CHUNK
chunk: FFF
chunk: |
chunk: DDD
chunk: |
chunk: hello world
chunk: |
chunk: 123456
XRLT_STATUS_DONE
