XRLT_STATUS_HEADER
header: Test-Header With-Value
XRLT_STATUS_HEADER
header: Test-Header4 46
XRLT_STATUS_HEADER
header: This-Is Some-Header
XRLT_STATUS_HEADER
header: It-Is Another-Header
XRLT_STATUS_HEADER
header: Test-Header3 With-Value3
XRLT_STATUS_HEADER
header: Test-Header6 48
XRLT_STATUS_HEADER
header: He3 Va3
XRLT_STATUS_SUBREQUEST
sr id: 1
sr method: GET
sr type: TEXT
sr url: /yeah1
sr query: (null)
sr body: (null)
XRLT_STATUS_SUBREQUEST
sr id: 2
sr method: GET
sr type: TEXT
sr url: /yeah2
sr query: (null)
sr body: (null)
XRLT_STATUS_SUBREQUEST
sr id: 3
sr method: GET
sr type: TEXT
sr url: /yeah3
sr query: (null)
sr body: (null)
XRLT_STATUS_SUBREQUEST
sr id: 4
sr method: GET
sr type: TEXT
sr url: /some-name
sr query: (null)
sr body: (null)
XRLT_STATUS_WAITING
XRLT_STATUS_WAITING
XRLT_STATUS_WAITING
XRLT_STATUS_WAITING
XRLT_STATUS_WAITING
XRLT_STATUS_HEADER
header: AMAZINGLY unbelievable
XRLT_STATUS_WAITING
XRLT_STATUS_HEADER
header: He1 AWESOME
XRLT_STATUS_DONE
